Program
  Decl a 🐥 mut
    Const 1
  If
    BinOp ≡
      Var a
      Const 1
    Block
      If
        BinOp ≡
          Var a
          Const 1
        Block
          Exit
            Const 0
      Else
        Block
          Exit
            Const 1
  Else
    Block
      Exit
        Const 2
